{"fear": 1, "stress": 1, "morale": 2, "trust_in_authorities": 2}