{
  "fear": 1,
  "stress": 1,
  "morale": 3,
  "trust_in_authorities": 3
}