{
  "fear": 3,
  "stress": 3,
  "morale": 1,
  "trust_in_authorities": 1
}